// Jest Snapshot v1, https://goo.gl/fbAQLP

exports[`BillingComponent snapshot 1`] = `ShallowWrapper {}`;
