// Jest Snapshot v1, https://goo.gl/fbAQLP

exports[`Breadcrumbs snapshot 1`] = `ShallowWrapper {}`;
