// Jest Snapshot v1, https://goo.gl/fbAQLP

exports[`OrdersCard snapshot 1`] = `ShallowWrapper {}`;
