// Jest Snapshot v1, https://goo.gl/fbAQLP

exports[`ShippingComponent snapshot 1`] = `ShallowWrapper {}`;
