// Jest Snapshot v1, https://goo.gl/fbAQLP

exports[`ShoppingCard snapshot 1`] = `ShallowWrapper {}`;
